2026-10-02 19:05:32 [main] DEBUG org.testng.TestNG - suiteXmlPath: "C:\Users\Dell\Documents\QafoxCom\Grouping.xml"
2026-10-02 19:06:13 [main] DEBUG org.testng.TestNG - suiteXmlPath: "C:\Users\Dell\Documents\QafoxCom\Grouping.xml"
2026-10-02 19:06:47 [main] DEBUG org.testng.TestNG - suiteXmlPath: "C:\Users\Dell\Documents\QafoxCom\Grouping.xml"
2026-10-02 19:11:40 [main] DEBUG org.testng.TestNG - suiteXmlPath: "C:\Users\Dell\Documents\QafoxCom\Grouping.xml"
2026-10-02 19:15:21 [main] DEBUG org.testng.TestNG - suiteXmlPath: "C:\Users\Dell\Documents\QafoxCom\Grouping.xml"
2026-10-02 19:15:23 [main] INFO  org.testng.internal.Utils - [TestNG] Running:
  C:\Users\Dell\Documents\QafoxCom\Grouping.xml

2026-10-02 19:16:16 [main] INFO  TestCases.TC01_Register - ***** Starting User Registration Test *****
2026-10-02 19:16:16 [main] INFO  TestCases.TC01_Register - Clicking My Account
2026-10-02 19:16:17 [main] INFO  TestCases.TC01_Register - Clicking Register
2026-10-02 19:16:20 [main] INFO  TestCases.TC01_Register - Entering First Name
2026-10-02 19:16:22 [main] INFO  TestCases.TC01_Register - Entering Last Name
2026-10-02 19:16:23 [main] INFO  TestCases.TC01_Register - Entering Email
2026-10-02 19:16:23 [main] INFO  TestCases.TC01_Register - Entering Telephone
2026-10-02 19:16:24 [main] INFO  TestCases.TC01_Register - Entering Password
2026-10-02 19:16:25 [main] INFO  TestCases.TC01_Register - Entering Confirm Password
2026-10-02 19:16:25 [main] INFO  TestCases.TC01_Register - Selecting Privacy Policy
2026-10-02 19:16:26 [main] INFO  TestCases.TC01_Register - Clicking Continue
2026-10-02 19:16:27 [main] INFO  TestCases.TC01_Register - Validating Account Created message
2026-10-02 19:21:18 [main] DEBUG org.testng.TestNG - suiteXmlPath: "C:\Users\Dell\Documents\QafoxCom\Grouping.xml"
2026-10-02 19:21:21 [main] INFO  org.testng.internal.Utils - [TestNG] Running:
  C:\Users\Dell\Documents\QafoxCom\Grouping.xml

2026-10-02 19:21:37 [main] INFO  TestCases.TC01_Register - ***** Starting User Registration Test *****
2026-10-02 19:21:37 [main] INFO  TestCases.TC01_Register - Clicking My Account
2026-10-02 19:21:38 [main] INFO  TestCases.TC01_Register - Clicking Register
2026-10-02 19:21:40 [main] INFO  TestCases.TC01_Register - Entering First Name
2026-10-02 19:21:42 [main] INFO  TestCases.TC01_Register - Entering Last Name
2026-10-02 19:21:43 [main] INFO  TestCases.TC01_Register - Entering Email
2026-10-02 19:21:44 [main] INFO  TestCases.TC01_Register - Entering Telephone
2026-10-02 19:21:44 [main] INFO  TestCases.TC01_Register - Entering Password
2026-10-02 19:21:45 [main] INFO  TestCases.TC01_Register - Entering Confirm Password
2026-10-02 19:21:45 [main] INFO  TestCases.TC01_Register - Selecting Privacy Policy
2026-10-02 19:21:46 [main] INFO  TestCases.TC01_Register - Clicking Continue
2026-10-02 19:21:48 [main] INFO  TestCases.TC01_Register - Validating Account Created message
2026-10-02 19:21:49 [main] INFO  TestCases.TC01_Register - ***** User Registration Test Passed *****
2026-10-02 20:18:39 [main] DEBUG org.testng.TestNG - suiteXmlPath: "C:\Users\Dell\Documents\QafoxCom\Grouping.xml"
2026-10-02 20:18:41 [main] INFO  org.testng.internal.Utils - [TestNG] Running:
  C:\Users\Dell\Documents\QafoxCom\Grouping.xml

2026-10-02 20:20:13 [main] INFO  TestCases.TC02_Login - *** Starting TC001_Login **********
2026-10-02 20:20:13 [main] INFO  TestCases.TC02_Login - *** Clicking My Account and Login *****
2026-10-02 20:20:14 [main] INFO  TestCases.TC02_Login - *** Entering Username *****
2026-10-02 20:20:15 [main] INFO  TestCases.TC02_Login - *** Entering Password *****
2026-10-02 20:20:16 [main] INFO  TestCases.TC02_Login - *** Clicking Login *****
2026-10-02 20:20:18 [main] INFO  TestCases.TC02_Login - *** Verifying successful login *****
2026-10-02 20:23:20 [main] DEBUG org.testng.TestNG - suiteXmlPath: "C:\Users\Dell\Documents\QafoxCom\Grouping.xml"
2026-10-02 20:23:22 [main] INFO  org.testng.internal.Utils - [TestNG] Running:
  C:\Users\Dell\Documents\QafoxCom\Grouping.xml

2026-10-02 20:23:34 [main] INFO  TestCases.TC02_Login - *** Starting TC001_Login **********
2026-10-02 20:23:34 [main] INFO  TestCases.TC02_Login - *** Clicking My Account and Login *****
2026-10-02 20:23:36 [main] INFO  TestCases.TC02_Login - *** Entering Username *****
2026-10-02 20:23:36 [main] INFO  TestCases.TC02_Login - *** Entering Password *****
2026-10-02 20:23:37 [main] INFO  TestCases.TC02_Login - *** Clicking Login *****
2026-10-02 20:23:39 [main] INFO  TestCases.TC02_Login - *** Verifying successful login *****
2026-10-02 20:24:15 [main] DEBUG org.testng.TestNG - suiteXmlPath: "C:\Users\Dell\Documents\QafoxCom\Grouping.xml"
2026-10-02 20:24:18 [main] INFO  org.testng.internal.Utils - [TestNG] Running:
  C:\Users\Dell\Documents\QafoxCom\Grouping.xml

2026-10-02 20:24:29 [main] INFO  TestCases.TC02_Login - *** Starting TC001_Login **********
2026-10-02 20:24:29 [main] INFO  TestCases.TC02_Login - *** Clicking My Account and Login *****
2026-10-02 20:24:31 [main] INFO  TestCases.TC02_Login - *** Entering Username *****
2026-10-02 20:24:31 [main] INFO  TestCases.TC02_Login - *** Entering Password *****
2026-10-02 20:24:32 [main] INFO  TestCases.TC02_Login - *** Clicking Login *****
2026-10-02 20:24:34 [main] INFO  TestCases.TC02_Login - *** Verifying successful login *****
2026-10-02 20:33:39 [main] DEBUG org.testng.TestNG - suiteXmlPath: "C:\Users\Dell\Documents\QafoxCom\Grouping.xml"
2026-10-02 20:33:42 [main] INFO  org.testng.internal.Utils - [TestNG] Running:
  C:\Users\Dell\Documents\QafoxCom\Grouping.xml

2026-10-02 20:33:58 [main] INFO  TestCases.TC02_Login - *** Starting TC001_Login **********
2026-10-02 20:33:58 [main] INFO  TestCases.TC02_Login - *** Clicking My Account and Login *****
2026-10-02 20:33:59 [main] INFO  TestCases.TC02_Login - *** Entering Username *****
2026-10-02 20:34:00 [main] INFO  TestCases.TC02_Login - *** Entering Password *****
2026-10-02 20:34:01 [main] INFO  TestCases.TC02_Login - *** Clicking Login *****
2026-10-02 20:34:03 [main] INFO  TestCases.TC02_Login - *** Verifying successful login *****
2026-10-05 12:53:09 [main] DEBUG org.testng.TestNG - suiteXmlPath: "C:\Users\Dell\Documents\QafoxCom\Grouping.xml"
2026-10-05 12:53:14 [main] INFO  org.testng.internal.Utils - [TestNG] Running:
  C:\Users\Dell\Documents\QafoxCom\Grouping.xml

2026-10-05 12:56:07 [main] DEBUG org.testng.TestNG - suiteXmlPath: "C:\Users\Dell\Documents\QafoxCom\Grouping.xml"
2026-10-05 12:56:09 [main] INFO  org.testng.internal.Utils - [TestNG] Running:
  C:\Users\Dell\Documents\QafoxCom\Grouping.xml

2026-10-05 12:56:51 [main] INFO  TestCases.TC02_Login - *** Starting TC001_Login **********
2026-10-05 12:56:52 [main] INFO  TestCases.TC02_Login - *** Clicking My Account and Login *****
2026-10-05 12:56:54 [main] INFO  TestCases.TC02_Login - *** Entering Username *****
2026-10-05 12:56:56 [main] INFO  TestCases.TC02_Login - *** Entering Password *****
2026-10-05 12:56:57 [main] INFO  TestCases.TC02_Login - *** Clicking Login *****
2026-10-05 12:56:59 [main] INFO  TestCases.TC02_Login - *** Verifying successful login *****
2026-10-05 13:09:52 [main] DEBUG org.testng.TestNG - suiteXmlPath: "C:\Users\Dell\Documents\QafoxCom\Grouping.xml"
2026-10-05 13:09:55 [main] INFO  org.testng.internal.Utils - [TestNG] Running:
  C:\Users\Dell\Documents\QafoxCom\Grouping.xml

2026-10-05 13:10:18 [main] INFO  TestCases.TC02_Login - *** Starting TC001_Login **********
2026-10-05 13:10:19 [main] INFO  TestCases.TC02_Login - *** Clicking My Account and Login *****
2026-10-05 13:10:20 [main] INFO  TestCases.TC02_Login - *** Entering Username *****
2026-10-05 13:10:21 [main] INFO  TestCases.TC02_Login - *** Entering Password *****
2026-10-05 13:10:21 [main] INFO  TestCases.TC02_Login - *** Clicking Login *****
2026-10-05 13:10:22 [main] INFO  TestCases.TC02_Login - *** Verifying successful login *****
2026-10-05 13:18:22 [main] DEBUG org.testng.TestNG - suiteXmlPath: "C:\Users\Dell\Documents\QafoxCom\Grouping.xml"
2026-10-05 13:18:28 [main] INFO  org.testng.internal.Utils - [TestNG] Running:
  C:\Users\Dell\Documents\QafoxCom\Grouping.xml

2026-10-05 13:19:12 [main] INFO  TestCases.TC02_Login - *** Starting TC001_Login **********
2026-10-05 13:19:12 [main] INFO  TestCases.TC02_Login - *** Clicking My Account and Login *****
2026-10-05 13:19:14 [main] INFO  TestCases.TC02_Login - *** Entering Username *****
2026-10-05 13:19:14 [main] INFO  TestCases.TC02_Login - *** Entering Password *****
2026-10-05 13:19:15 [main] INFO  TestCases.TC02_Login - *** Clicking Login *****
2026-10-05 13:19:18 [main] INFO  TestCases.TC02_Login - *** Verifying successful login *****
2026-10-05 13:23:28 [main] DEBUG org.testng.TestNG - suiteXmlPath: "C:\Users\Dell\Documents\QafoxCom\Grouping.xml"
2026-10-05 13:23:31 [main] DEBUG org.testng.TestNG - suiteXmlPath: "C:\Users\Dell\Documents\QafoxCom\Grouping.xml"
2026-10-05 13:23:34 [main] INFO  org.testng.internal.Utils - [TestNG] Running:
  C:\Users\Dell\Documents\QafoxCom\Grouping.xml

2026-10-05 13:23:36 [main] INFO  org.testng.internal.Utils - [TestNG] Running:
  C:\Users\Dell\Documents\QafoxCom\Grouping.xml

2026-10-05 13:24:29 [main] DEBUG org.testng.TestNG - suiteXmlPath: "C:\Users\Dell\Documents\QafoxCom\Grouping.xml"
2026-10-05 13:24:32 [main] INFO  org.testng.internal.Utils - [TestNG] Running:
  C:\Users\Dell\Documents\QafoxCom\Grouping.xml

2026-10-05 13:24:45 [main] INFO  TestCases.TC02_Login - *** Starting TC001_Login **********
2026-10-05 13:24:45 [main] INFO  TestCases.TC02_Login - *** Clicking My Account and Login *****
2026-10-05 13:24:48 [main] INFO  TestCases.TC02_Login - *** Entering Username *****
2026-10-05 13:24:48 [main] INFO  TestCases.TC02_Login - *** Entering Password *****
2026-10-05 13:24:49 [main] INFO  TestCases.TC02_Login - *** Clicking Login *****
2026-10-05 13:24:50 [main] INFO  TestCases.TC02_Login - *** Verifying successful login *****
2026-10-05 13:29:04 [main] DEBUG org.testng.TestNG - suiteXmlPath: "C:\Users\Dell\Documents\QafoxCom\Grouping.xml"
2026-10-05 13:29:06 [main] INFO  org.testng.internal.Utils - [TestNG] Running:
  C:\Users\Dell\Documents\QafoxCom\Grouping.xml

2026-10-05 13:29:24 [main] INFO  TestCases.TC02_Login - *** Starting TC001_Login **********
2026-10-05 13:29:24 [main] INFO  TestCases.TC02_Login - *** Clicking My Account and Login *****
2026-10-05 13:29:26 [main] INFO  TestCases.TC02_Login - *** Entering Username *****
2026-10-05 13:29:27 [main] INFO  TestCases.TC02_Login - *** Entering Password *****
2026-10-05 13:29:28 [main] INFO  TestCases.TC02_Login - *** Clicking Login *****
2026-10-05 13:29:28 [main] INFO  TestCases.TC02_Login - *** TC001_Login completed successfully *****
